#-----------------------------------------------------------
# Vivado v2021.2 (64-bit)
# SW Build 3367213 on Tue Oct 19 02:47:39 MDT 2021
# IP Build 3369179 on Thu Oct 21 08:25:16 MDT 2021
# Start of session at: Mon Mar  7 15:54:51 2022
# Process ID: 7789
# Current directory: /home/sam/git_workspace/contrast-adjustment-high-level-synthesis
# Command line: vivado
# Log file: /home/sam/git_workspace/contrast-adjustment-high-level-synthesis/vivado.log
# Journal file: /home/sam/git_workspace/contrast-adjustment-high-level-synthesis/vivado.jou
# Running On: sam-HP-Pavilion-Laptop-15-eg0xxx, OS: Linux, CPU Frequency: 1303.708 MHz, CPU Physical cores: 4, Host memory: 16540 MB
#-----------------------------------------------------------
start_gui
open_project /home/sam/git_workspace/contrast-adjustment-high-level-synthesis/contrast_adjustment_vivado/contrast_adjustment_vivado.xpr
update_compile_order -fileset sources_1
write_hw_platform -fixed -include_bit -force -file /home/sam/git_workspace/contrast-adjustment-high-level-synthesis/contrast_adjustment_vivado/design_1_wrapper.xsa
